#! /usr/bin/vvp
:ivl_version "12.0 (stable)";
:ivl_delay_selection "TYPICAL";
:vpi_time_precision + 0;
:vpi_module "/usr/lib/x86_64-linux-gnu/ivl/system.vpi";
:vpi_module "/usr/lib/x86_64-linux-gnu/ivl/vhdl_sys.vpi";
:vpi_module "/usr/lib/x86_64-linux-gnu/ivl/vhdl_textio.vpi";
:vpi_module "/usr/lib/x86_64-linux-gnu/ivl/v2005_math.vpi";
:vpi_module "/usr/lib/x86_64-linux-gnu/ivl/va_math.vpi";
:vpi_module "/usr/lib/x86_64-linux-gnu/ivl/v2009.vpi";
S_0x6227cd6f8490 .scope package, "$unit" "$unit" 2 1;
 .timescale 0 0;
S_0x6227cd6f8620 .scope module, "counters" "counters" 3 1;
 .timescale 0 0;
P_0x6227cd6f87b0 .param/l "N" 0 3 2, +C4<00000000000000000000000000000100>;
v0x6227cd74e2a0_0 .var "clk", 0 0;
v0x6227cd74e360_0 .var "opcode", 0 0;
v0x6227cd74e430_0 .net "q", 3 0, v0x6227cd74e040_0;  1 drivers
v0x6227cd74e530_0 .var "rst", 0 0;
S_0x6227cd7359c0 .scope module, "uut" "n_ring_johnson" 3 7, 4 2 0, S_0x6227cd6f8620;
 .timescale 0 0;
    .port_info 0 /INPUT 1 "clk";
    .port_info 1 /INPUT 1 "rst";
    .port_info 2 /INPUT 1 "opcode";
    .port_info 3 /OUTPUT 4 "q";
P_0x6227cd735ba0 .param/l "N" 0 4 2, +C4<00000000000000000000000000000100>;
v0x6227cd74dea0_0 .net "clk", 0 0, v0x6227cd74e2a0_0;  1 drivers
v0x6227cd74df80_0 .net "opcode", 0 0, v0x6227cd74e360_0;  1 drivers
v0x6227cd74e040_0 .var "q", 3 0;
v0x6227cd74e130_0 .net "rst", 0 0, v0x6227cd74e530_0;  1 drivers
E_0x6227cd736240 .event posedge, v0x6227cd74e130_0, v0x6227cd74dea0_0;
S_0x6227cd7249b0 .scope begin, "$ivl_for_loop0" "$ivl_for_loop0" 4 21, 4 21 0, S_0x6227cd7359c0;
 .timescale 0 0;
v0x6227cd724b90_0 .var/2s "i", 31 0;
S_0x6227cd74dbc0 .scope begin, "$ivl_for_loop1" "$ivl_for_loop1" 4 29, 4 29 0, S_0x6227cd7359c0;
 .timescale 0 0;
v0x6227cd74ddc0_0 .var/2s "i", 31 0;
    .scope S_0x6227cd7359c0;
T_0 ;
    %wait E_0x6227cd736240;
    %load/vec4 v0x6227cd74e130_0;
    %flag_set/vec4 8;
    %jmp/0xz  T_0.0, 8;
    %pushi/vec4 0, 0, 4;
    %assign/vec4 v0x6227cd74e040_0, 0;
    %pushi/vec4 1, 0, 1;
    %ix/load 4, 0, 0;
    %ix/load 5, 0, 0;
    %flag_set/imm 4, 0;
    %assign/vec4/off/d v0x6227cd74e040_0, 4, 5;
    %jmp T_0.1;
T_0.0 ;
    %load/vec4 v0x6227cd74df80_0;
    %dup/vec4;
    %pushi/vec4 0, 0, 1;
    %cmp/u;
    %jmp/1 T_0.2, 6;
    %dup/vec4;
    %pushi/vec4 1, 0, 1;
    %cmp/u;
    %jmp/1 T_0.3, 6;
    %jmp T_0.4;
T_0.2 ;
    %fork t_1, S_0x6227cd7249b0;
    %jmp t_0;
    .scope S_0x6227cd7249b0;
t_1 ;
    %pushi/vec4 0, 0, 32;
    %store/vec4 v0x6227cd724b90_0, 0, 32;
T_0.5 ;
    %load/vec4 v0x6227cd724b90_0;
    %cmpi/s 3, 0, 32;
    %jmp/0xz T_0.6, 5;
    %load/vec4 v0x6227cd74e040_0;
    %load/vec4 v0x6227cd724b90_0;
    %addi 1, 0, 32;
    %part/s 1;
    %ix/load 5, 0, 0;
    %ix/getv/s 4, v0x6227cd724b90_0;
    %assign/vec4/off/d v0x6227cd74e040_0, 4, 5;
    ; show_stmt_assign_vector: Get l-value for compressed += operand
    %load/vec4 v0x6227cd724b90_0;
    %pushi/vec4 1, 0, 32;
    %add;
    %cast2;
    %store/vec4 v0x6227cd724b90_0, 0, 32;
    %jmp T_0.5;
T_0.6 ;
    %end;
    .scope S_0x6227cd7359c0;
t_0 %join;
    %load/vec4 v0x6227cd74e040_0;
    %parti/s 1, 0, 2;
    %ix/load 4, 3, 0;
    %ix/load 5, 0, 0;
    %flag_set/imm 4, 0;
    %assign/vec4/off/d v0x6227cd74e040_0, 4, 5;
    %jmp T_0.4;
T_0.3 ;
    %fork t_3, S_0x6227cd74dbc0;
    %jmp t_2;
    .scope S_0x6227cd74dbc0;
t_3 ;
    %pushi/vec4 0, 0, 32;
    %store/vec4 v0x6227cd74ddc0_0, 0, 32;
T_0.7 ;
    %load/vec4 v0x6227cd74ddc0_0;
    %cmpi/s 3, 0, 32;
    %jmp/0xz T_0.8, 5;
    %load/vec4 v0x6227cd74e040_0;
    %load/vec4 v0x6227cd74ddc0_0;
    %addi 1, 0, 32;
    %part/s 1;
    %ix/load 5, 0, 0;
    %ix/getv/s 4, v0x6227cd74ddc0_0;
    %assign/vec4/off/d v0x6227cd74e040_0, 4, 5;
    ; show_stmt_assign_vector: Get l-value for compressed += operand
    %load/vec4 v0x6227cd74ddc0_0;
    %pushi/vec4 1, 0, 32;
    %add;
    %cast2;
    %store/vec4 v0x6227cd74ddc0_0, 0, 32;
    %jmp T_0.7;
T_0.8 ;
    %end;
    .scope S_0x6227cd7359c0;
t_2 %join;
    %load/vec4 v0x6227cd74e040_0;
    %parti/s 1, 0, 2;
    %inv;
    %ix/load 4, 3, 0;
    %ix/load 5, 0, 0;
    %flag_set/imm 4, 0;
    %assign/vec4/off/d v0x6227cd74e040_0, 4, 5;
    %jmp T_0.4;
T_0.4 ;
    %pop/vec4 1;
T_0.1 ;
    %jmp T_0;
    .thread T_0;
    .scope S_0x6227cd6f8620;
T_1 ;
    %pushi/vec4 0, 0, 1;
    %store/vec4 v0x6227cd74e2a0_0, 0, 1;
T_1.0 ;
    %delay 5, 0;
    %load/vec4 v0x6227cd74e2a0_0;
    %inv;
    %store/vec4 v0x6227cd74e2a0_0, 0, 1;
    %jmp T_1.0;
    %end;
    .thread T_1;
    .scope S_0x6227cd6f8620;
T_2 ;
    %vpi_call/w 3 20 "$dumpfile", "n_ring_johnson.vcd" {0 0 0};
    %vpi_call/w 3 21 "$dumpvars", 32'sb00000000000000000000000000000000, S_0x6227cd6f8620 {0 0 0};
    %end;
    .thread T_2;
    .scope S_0x6227cd6f8620;
T_3 ;
    %vpi_call/w 3 25 "$monitor", "Time=%0t | rst=%b | opcode=%b | q=%b", $time, v0x6227cd74e530_0, v0x6227cd74e360_0, v0x6227cd74e430_0 {0 0 0};
    %end;
    .thread T_3;
    .scope S_0x6227cd6f8620;
T_4 ;
    %pushi/vec4 1, 0, 1;
    %store/vec4 v0x6227cd74e530_0, 0, 1;
    %pushi/vec4 0, 0, 1;
    %store/vec4 v0x6227cd74e360_0, 0, 1;
    %delay 10, 0;
    %pushi/vec4 0, 0, 1;
    %store/vec4 v0x6227cd74e530_0, 0, 1;
    %pushi/vec4 0, 0, 1;
    %store/vec4 v0x6227cd74e360_0, 0, 1;
    %delay 40, 0;
    %pushi/vec4 1, 0, 1;
    %store/vec4 v0x6227cd74e530_0, 0, 1;
    %delay 10, 0;
    %pushi/vec4 0, 0, 1;
    %store/vec4 v0x6227cd74e530_0, 0, 1;
    %pushi/vec4 1, 0, 1;
    %store/vec4 v0x6227cd74e360_0, 0, 1;
    %delay 80, 0;
    %vpi_call/w 3 47 "$finish" {0 0 0};
    %end;
    .thread T_4;
# The file index is used to find the file name in the following table.
:file_names 5;
    "N/A";
    "<interactive>";
    "-";
    "n_ring_johnsontest.sv";
    "ncounters.sv";
