#! /usr/bin/vvp
:ivl_version "12.0 (stable)";
:ivl_delay_selection "TYPICAL";
:vpi_time_precision + 0;
:vpi_module "/usr/lib/x86_64-linux-gnu/ivl/system.vpi";
:vpi_module "/usr/lib/x86_64-linux-gnu/ivl/vhdl_sys.vpi";
:vpi_module "/usr/lib/x86_64-linux-gnu/ivl/vhdl_textio.vpi";
:vpi_module "/usr/lib/x86_64-linux-gnu/ivl/v2005_math.vpi";
:vpi_module "/usr/lib/x86_64-linux-gnu/ivl/va_math.vpi";
:vpi_module "/usr/lib/x86_64-linux-gnu/ivl/v2009.vpi";
S_0x5f726f366ad0 .scope package, "$unit" "$unit" 2 1;
 .timescale 0 0;
S_0x5f726f37a440 .scope module, "tb_sr_latch" "tb_sr_latch" 3 1;
 .timescale 0 0;
v0x5f726f38d1c0_0 .net "Q", 0 0, v0x5f726f340490_0;  1 drivers
v0x5f726f38d290_0 .var "R", 0 0;
v0x5f726f38d360_0 .var "S", 0 0;
S_0x5f726f37a5d0 .scope module, "uut" "sr_latch" 3 6, 4 1 0, S_0x5f726f37a440;
 .timescale 0 0;
    .port_info 0 /INPUT 1 "S";
    .port_info 1 /INPUT 1 "R";
    .port_info 2 /OUTPUT 1 "Q";
v0x5f726f340490_0 .var "Q", 0 0;
v0x5f726f38cfe0_0 .net "R", 0 0, v0x5f726f38d290_0;  1 drivers
v0x5f726f38d0a0_0 .net "S", 0 0, v0x5f726f38d360_0;  1 drivers
E_0x5f726f354670 .event anyedge, v0x5f726f38d0a0_0, v0x5f726f38cfe0_0;
    .scope S_0x5f726f37a5d0;
T_0 ;
Ewait_0 .event/or E_0x5f726f354670, E_0x0;
    %wait Ewait_0;
    %load/vec4 v0x5f726f38d0a0_0;
    %flag_set/vec4 9;
    %flag_get/vec4 9;
    %jmp/0 T_0.2, 9;
    %load/vec4 v0x5f726f38cfe0_0;
    %nor/r;
    %and;
T_0.2;
    %flag_set/vec4 8;
    %jmp/0xz  T_0.0, 8;
    %pushi/vec4 1, 0, 1;
    %assign/vec4 v0x5f726f340490_0, 0;
    %jmp T_0.1;
T_0.0 ;
    %load/vec4 v0x5f726f38d0a0_0;
    %nor/r;
    %flag_set/vec4 9;
    %flag_get/vec4 9;
    %jmp/0 T_0.5, 9;
    %load/vec4 v0x5f726f38cfe0_0;
    %and;
T_0.5;
    %flag_set/vec4 8;
    %jmp/0xz  T_0.3, 8;
    %pushi/vec4 0, 0, 1;
    %assign/vec4 v0x5f726f340490_0, 0;
    %jmp T_0.4;
T_0.3 ;
    %load/vec4 v0x5f726f38d0a0_0;
    %flag_set/vec4 9;
    %flag_get/vec4 9;
    %jmp/0 T_0.8, 9;
    %load/vec4 v0x5f726f38cfe0_0;
    %and;
T_0.8;
    %flag_set/vec4 8;
    %jmp/0xz  T_0.6, 8;
    %pushi/vec4 1, 1, 1;
    %assign/vec4 v0x5f726f340490_0, 0;
T_0.6 ;
T_0.4 ;
T_0.1 ;
    %jmp T_0;
    .thread T_0, $push;
    .scope S_0x5f726f37a440;
T_1 ;
    %vpi_call/w 3 13 "$dumpfile", "sr_latch.vcd" {0 0 0};
    %vpi_call/w 3 14 "$dumpvars", 32'sb00000000000000000000000000000000, S_0x5f726f37a440 {0 0 0};
    %pushi/vec4 0, 0, 1;
    %store/vec4 v0x5f726f38d360_0, 0, 1;
    %pushi/vec4 0, 0, 1;
    %store/vec4 v0x5f726f38d290_0, 0, 1;
    %delay 10, 0;
    %pushi/vec4 1, 0, 1;
    %store/vec4 v0x5f726f38d360_0, 0, 1;
    %pushi/vec4 0, 0, 1;
    %store/vec4 v0x5f726f38d290_0, 0, 1;
    %delay 10, 0;
    %pushi/vec4 0, 0, 1;
    %store/vec4 v0x5f726f38d360_0, 0, 1;
    %pushi/vec4 0, 0, 1;
    %store/vec4 v0x5f726f38d290_0, 0, 1;
    %delay 10, 0;
    %pushi/vec4 0, 0, 1;
    %store/vec4 v0x5f726f38d360_0, 0, 1;
    %pushi/vec4 1, 0, 1;
    %store/vec4 v0x5f726f38d290_0, 0, 1;
    %delay 10, 0;
    %pushi/vec4 0, 0, 1;
    %store/vec4 v0x5f726f38d360_0, 0, 1;
    %pushi/vec4 0, 0, 1;
    %store/vec4 v0x5f726f38d290_0, 0, 1;
    %delay 10, 0;
    %pushi/vec4 1, 0, 1;
    %store/vec4 v0x5f726f38d360_0, 0, 1;
    %pushi/vec4 1, 0, 1;
    %store/vec4 v0x5f726f38d290_0, 0, 1;
    %delay 10, 0;
    %vpi_call/w 3 23 "$finish" {0 0 0};
    %end;
    .thread T_1;
# The file index is used to find the file name in the following table.
:file_names 5;
    "N/A";
    "<interactive>";
    "-";
    "sr_latchtest.sv";
    "sr_latch.sv";
