#! /usr/bin/vvp
:ivl_version "12.0 (stable)";
:ivl_delay_selection "TYPICAL";
:vpi_time_precision + 0;
:vpi_module "/usr/lib/x86_64-linux-gnu/ivl/system.vpi";
:vpi_module "/usr/lib/x86_64-linux-gnu/ivl/vhdl_sys.vpi";
:vpi_module "/usr/lib/x86_64-linux-gnu/ivl/vhdl_textio.vpi";
:vpi_module "/usr/lib/x86_64-linux-gnu/ivl/v2005_math.vpi";
:vpi_module "/usr/lib/x86_64-linux-gnu/ivl/va_math.vpi";
:vpi_module "/usr/lib/x86_64-linux-gnu/ivl/v2009.vpi";
S_0x57bb296b2370 .scope package, "$unit" "$unit" 2 1;
 .timescale 0 0;
S_0x57bb296b2500 .scope module, "mod_n_counter_tb" "mod_n_counter_tb" 3 1;
 .timescale 0 0;
P_0x57bb2969dd20 .param/l "N" 1 3 3, +C4<00000000000000000000000000001010>;
P_0x57bb2969dd60 .param/l "WIDTH" 1 3 4, +C4<00000000000000000000000000000100>;
v0x57bb296c7ba0_0 .var "clk", 0 0;
v0x57bb296c7c70_0 .net "count", 3 0, v0x57bb296c7970_0;  1 drivers
v0x57bb296c7d40_0 .var "rst", 0 0;
S_0x57bb29677490 .scope module, "dut" "mod_n_counter" 3 14, 4 1 0, S_0x57bb296b2500;
 .timescale 0 0;
    .port_info 0 /INPUT 1 "clk";
    .port_info 1 /INPUT 1 "rst";
    .port_info 2 /OUTPUT 4 "count";
P_0x57bb2969ce80 .param/l "N" 0 4 2, +C4<00000000000000000000000000001010>;
P_0x57bb2969cec0 .param/l "WIDTH" 0 4 3, +C4<00000000000000000000000000000100>;
v0x57bb296777c0_0 .net "clk", 0 0, v0x57bb296c7ba0_0;  1 drivers
v0x57bb296c7970_0 .var "count", 3 0;
v0x57bb296c7a50_0 .net "rst", 0 0, v0x57bb296c7d40_0;  1 drivers
E_0x57bb296779e0 .event posedge, v0x57bb296777c0_0;
    .scope S_0x57bb29677490;
T_0 ;
    %end;
    .thread T_0;
    .scope S_0x57bb29677490;
T_1 ;
    %wait E_0x57bb296779e0;
    %load/vec4 v0x57bb296c7a50_0;
    %flag_set/vec4 8;
    %jmp/0xz  T_1.0, 8;
    %pushi/vec4 0, 0, 4;
    %assign/vec4 v0x57bb296c7970_0, 0;
    %jmp T_1.1;
T_1.0 ;
    %load/vec4 v0x57bb296c7970_0;
    %pad/u 32;
    %cmpi/e 9, 0, 32;
    %jmp/0xz  T_1.2, 4;
    %pushi/vec4 0, 0, 4;
    %assign/vec4 v0x57bb296c7970_0, 0;
    %jmp T_1.3;
T_1.2 ;
    %load/vec4 v0x57bb296c7970_0;
    %addi 1, 0, 4;
    %assign/vec4 v0x57bb296c7970_0, 0;
T_1.3 ;
T_1.1 ;
    %jmp T_1;
    .thread T_1;
    .scope S_0x57bb296b2500;
T_2 ;
    %pushi/vec4 0, 0, 1;
    %store/vec4 v0x57bb296c7ba0_0, 0, 1;
T_2.0 ;
    %delay 5, 0;
    %load/vec4 v0x57bb296c7ba0_0;
    %inv;
    %store/vec4 v0x57bb296c7ba0_0, 0, 1;
    %jmp T_2.0;
    %end;
    .thread T_2;
    .scope S_0x57bb296b2500;
T_3 ;
    %vpi_call/w 3 28 "$dumpfile", "mod_ncounters.vcd" {0 0 0};
    %vpi_call/w 3 29 "$dumpvars", 32'sb00000000000000000000000000000000, S_0x57bb296b2500 {0 0 0};
    %end;
    .thread T_3;
    .scope S_0x57bb296b2500;
T_4 ;
    %vpi_call/w 3 34 "$monitor", "Time=%0t | rst=%b | count=%0d", $time, v0x57bb296c7d40_0, v0x57bb296c7c70_0 {0 0 0};
    %end;
    .thread T_4;
    .scope S_0x57bb296b2500;
T_5 ;
    %pushi/vec4 1, 0, 1;
    %store/vec4 v0x57bb296c7d40_0, 0, 1;
    %delay 10, 0;
    %pushi/vec4 0, 0, 1;
    %store/vec4 v0x57bb296c7d40_0, 0, 1;
    %delay 250, 0;
    %pushi/vec4 1, 0, 1;
    %store/vec4 v0x57bb296c7d40_0, 0, 1;
    %delay 10, 0;
    %pushi/vec4 0, 0, 1;
    %store/vec4 v0x57bb296c7d40_0, 0, 1;
    %delay 50, 0;
    %vpi_call/w 3 55 "$finish" {0 0 0};
    %end;
    .thread T_5;
# The file index is used to find the file name in the following table.
:file_names 5;
    "N/A";
    "<interactive>";
    "-";
    "mod_ncounterstest.sv";
    "mod_n.sv";
