#! /usr/bin/vvp
:ivl_version "12.0 (stable)";
:ivl_delay_selection "TYPICAL";
:vpi_time_precision + 0;
:vpi_module "/usr/lib/x86_64-linux-gnu/ivl/system.vpi";
:vpi_module "/usr/lib/x86_64-linux-gnu/ivl/vhdl_sys.vpi";
:vpi_module "/usr/lib/x86_64-linux-gnu/ivl/vhdl_textio.vpi";
:vpi_module "/usr/lib/x86_64-linux-gnu/ivl/v2005_math.vpi";
:vpi_module "/usr/lib/x86_64-linux-gnu/ivl/va_math.vpi";
:vpi_module "/usr/lib/x86_64-linux-gnu/ivl/v2009.vpi";
S_0x60450d184190 .scope package, "$unit" "$unit" 2 1;
 .timescale 0 0;
S_0x60450d184320 .scope module, "n_universaltest" "n_universaltest" 3 1;
 .timescale 0 0;
P_0x60450d1844b0 .param/l "N" 0 3 3, +C4<00000000000000000000000000000100>;
v0x60450d19f720_0 .var "Din", 3 0;
v0x60450d19f800_0 .var "clk", 0 0;
v0x60450d19f8d0_0 .var "left_shift", 0 0;
v0x60450d19f9d0_0 .var "opcode", 1 0;
v0x60450d19faa0_0 .net "q", 3 0, v0x60450d19f390_0;  1 drivers
v0x60450d19fb90_0 .var "right_shift", 0 0;
v0x60450d19fc60_0 .var "rst", 0 0;
S_0x60450d145490 .scope module, "uut" "n_universal" 3 10, 4 2 0, S_0x60450d184320;
 .timescale 0 0;
    .port_info 0 /INPUT 1 "clk";
    .port_info 1 /INPUT 1 "rst";
    .port_info 2 /INPUT 2 "opcode";
    .port_info 3 /INPUT 4 "Din";
    .port_info 4 /INPUT 1 "left_shift";
    .port_info 5 /INPUT 1 "right_shift";
    .port_info 6 /OUTPUT 4 "q";
P_0x60450d145670 .param/l "N" 0 4 2, +C4<00000000000000000000000000000100>;
v0x60450d19f020_0 .net "Din", 3 0, v0x60450d19f720_0;  1 drivers
v0x60450d19f120_0 .net "clk", 0 0, v0x60450d19f800_0;  1 drivers
v0x60450d19f1e0_0 .net "left_shift", 0 0, v0x60450d19f8d0_0;  1 drivers
v0x60450d19f2b0_0 .net "opcode", 1 0, v0x60450d19f9d0_0;  1 drivers
v0x60450d19f390_0 .var "q", 3 0;
v0x60450d19f4c0_0 .net "right_shift", 0 0, v0x60450d19fb90_0;  1 drivers
v0x60450d19f580_0 .net "rst", 0 0, v0x60450d19fc60_0;  1 drivers
E_0x60450d17f270 .event posedge, v0x60450d19f580_0, v0x60450d19f120_0;
S_0x60450d172b20 .scope begin, "$ivl_for_loop0" "$ivl_for_loop0" 4 24, 4 24 0, S_0x60450d145490;
 .timescale 0 0;
v0x60450d172d00_0 .var/2s "i", 31 0;
S_0x60450d19ed40 .scope begin, "$ivl_for_loop1" "$ivl_for_loop1" 4 32, 4 32 0, S_0x60450d145490;
 .timescale 0 0;
v0x60450d19ef40_0 .var/2s "i", 31 0;
    .scope S_0x60450d145490;
T_0 ;
    %wait E_0x60450d17f270;
    %load/vec4 v0x60450d19f580_0;
    %flag_set/vec4 8;
    %jmp/0xz  T_0.0, 8;
    %pushi/vec4 0, 0, 4;
    %assign/vec4 v0x60450d19f390_0, 0;
    %jmp T_0.1;
T_0.0 ;
    %load/vec4 v0x60450d19f2b0_0;
    %dup/vec4;
    %pushi/vec4 0, 0, 2;
    %cmp/u;
    %jmp/1 T_0.2, 6;
    %dup/vec4;
    %pushi/vec4 1, 0, 2;
    %cmp/u;
    %jmp/1 T_0.3, 6;
    %dup/vec4;
    %pushi/vec4 2, 0, 2;
    %cmp/u;
    %jmp/1 T_0.4, 6;
    %dup/vec4;
    %pushi/vec4 3, 0, 2;
    %cmp/u;
    %jmp/1 T_0.5, 6;
    %load/vec4 v0x60450d19f390_0;
    %assign/vec4 v0x60450d19f390_0, 0;
    %jmp T_0.7;
T_0.2 ;
    %load/vec4 v0x60450d19f390_0;
    %assign/vec4 v0x60450d19f390_0, 0;
    %jmp T_0.7;
T_0.3 ;
    %fork t_1, S_0x60450d172b20;
    %jmp t_0;
    .scope S_0x60450d172b20;
t_1 ;
    %pushi/vec4 0, 0, 32;
    %store/vec4 v0x60450d172d00_0, 0, 32;
T_0.8 ;
    %load/vec4 v0x60450d172d00_0;
    %cmpi/s 3, 0, 32;
    %jmp/0xz T_0.9, 5;
    %load/vec4 v0x60450d19f390_0;
    %load/vec4 v0x60450d172d00_0;
    %addi 1, 0, 32;
    %part/s 1;
    %ix/load 5, 0, 0;
    %ix/getv/s 4, v0x60450d172d00_0;
    %assign/vec4/off/d v0x60450d19f390_0, 4, 5;
    ; show_stmt_assign_vector: Get l-value for compressed += operand
    %load/vec4 v0x60450d172d00_0;
    %pushi/vec4 1, 0, 32;
    %add;
    %cast2;
    %store/vec4 v0x60450d172d00_0, 0, 32;
    %jmp T_0.8;
T_0.9 ;
    %end;
    .scope S_0x60450d145490;
t_0 %join;
    %load/vec4 v0x60450d19f4c0_0;
    %ix/load 4, 3, 0;
    %ix/load 5, 0, 0;
    %flag_set/imm 4, 0;
    %assign/vec4/off/d v0x60450d19f390_0, 4, 5;
    %jmp T_0.7;
T_0.4 ;
    %fork t_3, S_0x60450d19ed40;
    %jmp t_2;
    .scope S_0x60450d19ed40;
t_3 ;
    %pushi/vec4 3, 0, 32;
    %store/vec4 v0x60450d19ef40_0, 0, 32;
T_0.10 ;
    %load/vec4 v0x60450d19ef40_0;
    %cmpi/s 0, 0, 32;
    %flag_or 5, 4; GT is !LE
    %flag_inv 5;
    %jmp/0xz T_0.11, 5;
    %load/vec4 v0x60450d19f390_0;
    %load/vec4 v0x60450d19ef40_0;
    %subi 1, 0, 32;
    %part/s 1;
    %ix/load 5, 0, 0;
    %ix/getv/s 4, v0x60450d19ef40_0;
    %assign/vec4/off/d v0x60450d19f390_0, 4, 5;
    ; show_stmt_assign_vector: Get l-value for compressed -= operand
    %load/vec4 v0x60450d19ef40_0;
    %pushi/vec4 1, 0, 32;
    %sub;
    %cast2;
    %store/vec4 v0x60450d19ef40_0, 0, 32;
    %jmp T_0.10;
T_0.11 ;
    %end;
    .scope S_0x60450d145490;
t_2 %join;
    %load/vec4 v0x60450d19f1e0_0;
    %ix/load 4, 0, 0;
    %ix/load 5, 0, 0;
    %flag_set/imm 4, 0;
    %assign/vec4/off/d v0x60450d19f390_0, 4, 5;
    %jmp T_0.7;
T_0.5 ;
    %load/vec4 v0x60450d19f020_0;
    %assign/vec4 v0x60450d19f390_0, 0;
    %jmp T_0.7;
T_0.7 ;
    %pop/vec4 1;
T_0.1 ;
    %jmp T_0;
    .thread T_0;
    .scope S_0x60450d184320;
T_1 ;
    %pushi/vec4 0, 0, 1;
    %store/vec4 v0x60450d19f800_0, 0, 1;
T_1.0 ;
    %delay 5, 0;
    %load/vec4 v0x60450d19f800_0;
    %inv;
    %store/vec4 v0x60450d19f800_0, 0, 1;
    %jmp T_1.0;
    %end;
    .thread T_1;
    .scope S_0x60450d184320;
T_2 ;
    %vpi_call/w 3 26 "$dumpfile", "n_universal.vcd" {0 0 0};
    %vpi_call/w 3 27 "$dumpvars", 32'sb00000000000000000000000000000000, S_0x60450d184320 {0 0 0};
    %end;
    .thread T_2;
    .scope S_0x60450d184320;
T_3 ;
    %vpi_call/w 3 31 "$monitor", "Time=%0t | rst=%b | opcode=%b | Din=%b | LS=%b | RS=%b | q=%b", $time, v0x60450d19fc60_0, v0x60450d19f9d0_0, v0x60450d19f720_0, v0x60450d19f8d0_0, v0x60450d19fb90_0, v0x60450d19faa0_0 {0 0 0};
    %end;
    .thread T_3;
    .scope S_0x60450d184320;
T_4 ;
    %pushi/vec4 1, 0, 1;
    %store/vec4 v0x60450d19fc60_0, 0, 1;
    %pushi/vec4 0, 0, 2;
    %store/vec4 v0x60450d19f9d0_0, 0, 2;
    %pushi/vec4 0, 0, 4;
    %store/vec4 v0x60450d19f720_0, 0, 4;
    %pushi/vec4 0, 0, 1;
    %store/vec4 v0x60450d19f8d0_0, 0, 1;
    %pushi/vec4 0, 0, 1;
    %store/vec4 v0x60450d19fb90_0, 0, 1;
    %delay 10, 0;
    %pushi/vec4 0, 0, 1;
    %store/vec4 v0x60450d19fc60_0, 0, 1;
    %pushi/vec4 11, 0, 4;
    %store/vec4 v0x60450d19f720_0, 0, 4;
    %pushi/vec4 3, 0, 2;
    %store/vec4 v0x60450d19f9d0_0, 0, 2;
    %delay 10, 0;
    %pushi/vec4 0, 0, 1;
    %store/vec4 v0x60450d19fb90_0, 0, 1;
    %pushi/vec4 1, 0, 2;
    %store/vec4 v0x60450d19f9d0_0, 0, 2;
    %delay 10, 0;
    %pushi/vec4 0, 0, 1;
    %store/vec4 v0x60450d19f8d0_0, 0, 1;
    %pushi/vec4 2, 0, 2;
    %store/vec4 v0x60450d19f9d0_0, 0, 2;
    %delay 10, 0;
    %pushi/vec4 0, 0, 2;
    %store/vec4 v0x60450d19f9d0_0, 0, 2;
    %delay 10, 0;
    %vpi_call/w 3 62 "$finish" {0 0 0};
    %end;
    .thread T_4;
# The file index is used to find the file name in the following table.
:file_names 5;
    "N/A";
    "<interactive>";
    "-";
    "n_universaltest.sv";
    "n_universal.sv";
