#! /usr/bin/vvp
:ivl_version "12.0 (stable)";
:ivl_delay_selection "TYPICAL";
:vpi_time_precision + 0;
:vpi_module "/usr/lib/x86_64-linux-gnu/ivl/system.vpi";
:vpi_module "/usr/lib/x86_64-linux-gnu/ivl/vhdl_sys.vpi";
:vpi_module "/usr/lib/x86_64-linux-gnu/ivl/vhdl_textio.vpi";
:vpi_module "/usr/lib/x86_64-linux-gnu/ivl/v2005_math.vpi";
:vpi_module "/usr/lib/x86_64-linux-gnu/ivl/va_math.vpi";
:vpi_module "/usr/lib/x86_64-linux-gnu/ivl/v2009.vpi";
S_0x581911691490 .scope package, "$unit" "$unit" 2 1;
 .timescale 0 0;
S_0x581911691620 .scope module, "testcounters" "testcounters" 3 2;
 .timescale 0 0;
P_0x5819116917b0 .param/l "N" 0 3 3, +C4<00000000000000000000000000000100>;
v0x5819116e1be0_0 .var "clk", 0 0;
v0x5819116e1ca0_0 .var "mode", 0 0;
v0x5819116e1d70_0 .net "q", 3 0, v0x5819116e1980_0;  1 drivers
v0x5819116e1e70_0 .var "rst", 0 0;
S_0x5819116cbcc0 .scope module, "uut" "up_downcounter" 3 8, 4 2 0, S_0x581911691620;
 .timescale 0 0;
    .port_info 0 /INPUT 1 "clk";
    .port_info 1 /INPUT 1 "rst";
    .port_info 2 /INPUT 1 "mode";
    .port_info 3 /OUTPUT 4 "q";
P_0x5819116cbea0 .param/l "N" 0 4 3, +C4<00000000000000000000000000000100>;
v0x5819116cc010_0 .net "clk", 0 0, v0x5819116e1be0_0;  1 drivers
v0x5819116e18c0_0 .net "mode", 0 0, v0x5819116e1ca0_0;  1 drivers
v0x5819116e1980_0 .var "q", 3 0;
v0x5819116e1a70_0 .net "rst", 0 0, v0x5819116e1e70_0;  1 drivers
E_0x5819116cc510 .event posedge, v0x5819116e1a70_0, v0x5819116cc010_0;
    .scope S_0x5819116cbcc0;
T_0 ;
    %wait E_0x5819116cc510;
    %load/vec4 v0x5819116e1a70_0;
    %flag_set/vec4 8;
    %jmp/0xz  T_0.0, 8;
    %pushi/vec4 0, 0, 4;
    %assign/vec4 v0x5819116e1980_0, 0;
    %jmp T_0.1;
T_0.0 ;
    %load/vec4 v0x5819116e18c0_0;
    %nor/r;
    %flag_set/vec4 8;
    %jmp/0xz  T_0.2, 8;
    %load/vec4 v0x5819116e1980_0;
    %addi 1, 0, 4;
    %assign/vec4 v0x5819116e1980_0, 0;
    %jmp T_0.3;
T_0.2 ;
    %load/vec4 v0x5819116e1980_0;
    %subi 1, 0, 4;
    %assign/vec4 v0x5819116e1980_0, 0;
T_0.3 ;
T_0.1 ;
    %jmp T_0;
    .thread T_0;
    .scope S_0x581911691620;
T_1 ;
    %pushi/vec4 0, 0, 1;
    %store/vec4 v0x5819116e1be0_0, 0, 1;
T_1.0 ;
    %delay 5, 0;
    %load/vec4 v0x5819116e1be0_0;
    %inv;
    %store/vec4 v0x5819116e1be0_0, 0, 1;
    %jmp T_1.0;
    %end;
    .thread T_1;
    .scope S_0x581911691620;
T_2 ;
    %vpi_call/w 3 21 "$dumpfile", "up_downcounters.vcd" {0 0 0};
    %vpi_call/w 3 22 "$dumpvars", 32'sb00000000000000000000000000000000, S_0x581911691620 {0 0 0};
    %end;
    .thread T_2;
    .scope S_0x581911691620;
T_3 ;
    %vpi_call/w 3 26 "$monitor", "Time=%0t | rst=%b | mode=%b | q=%b", $time, v0x5819116e1e70_0, v0x5819116e1ca0_0, v0x5819116e1d70_0 {0 0 0};
    %end;
    .thread T_3;
    .scope S_0x581911691620;
T_4 ;
    %pushi/vec4 1, 0, 1;
    %store/vec4 v0x5819116e1e70_0, 0, 1;
    %pushi/vec4 0, 0, 1;
    %store/vec4 v0x5819116e1ca0_0, 0, 1;
    %delay 10, 0;
    %pushi/vec4 0, 0, 1;
    %store/vec4 v0x5819116e1e70_0, 0, 1;
    %pushi/vec4 0, 0, 1;
    %store/vec4 v0x5819116e1ca0_0, 0, 1;
    %delay 150, 0;
    %pushi/vec4 1, 0, 1;
    %store/vec4 v0x5819116e1e70_0, 0, 1;
    %delay 10, 0;
    %pushi/vec4 0, 0, 1;
    %store/vec4 v0x5819116e1e70_0, 0, 1;
    %pushi/vec4 1, 0, 1;
    %store/vec4 v0x5819116e1ca0_0, 0, 1;
    %delay 160, 0;
    %vpi_call/w 3 48 "$finish" {0 0 0};
    %end;
    .thread T_4;
# The file index is used to find the file name in the following table.
:file_names 5;
    "N/A";
    "<interactive>";
    "-";
    "up_downcounterstest.sv";
    "up_downcounters.sv";
